// Jest Snapshot v1, https://goo.gl/fbAQLP

exports[`test dog query matches expected query object 1`] = `
Array [
  Object {
    "breed": "Dutch Shepherd Dog",
    "createdAt": null,
    "id": 2,
    "isGoodDog": "Yes",
    "name": "Hunter",
    "updatedAt": null,
  },
]
`;
