// Jest Snapshot v1, https://goo.gl/fbAQLP

exports[`retrieveReactNews:  it dispatches the correct actions 1`] = `
Array [
  Array [
    Object {
      "type": "RESPONSE_RECEIVED",
    },
  ],
  Array [
    Object {
      "news": Array [
        Object {
          "content": "<h1>Some mock content with html </h1>",
          "link": "https://reactjsnews.com/fake-news",
          "title": "Using Proxies with Redux Types",
        },
      ],
      "type": "SET_REACT_NEWS",
    },
  ],
]
`;
